// Jest Snapshot v1, https://goo.gl/fbAQLP

exports[`integ snapshot validation 1`] = `
Object {
  "Outputs": Object {
    "SpotInstancePublicIpAddressDF2BA302": Object {
      "Value": Object {
        "Fn::GetAtt": Array [
          "SpotInstance35702302",
          "PublicIp",
        ],
      },
    },
    "SpotInstanceUbuntuPublicIpAddressC9A9C65F": Object {
      "Value": Object {
        "Fn::GetAtt": Array [
          "SpotInstanceUbuntuSpotInstance678B09F5",
          "PublicIp",
        ],
      },
    },
  },
  "Parameters": Object {
    "SsmParameterValueawsserviceamiamazonlinuxlatestamzn2amihvmx8664gp2C96584B6F00A464EAD1953AFF4B05118Parameter": Object {
      "Default": "/aws/service/ami-amazon-linux-latest/amzn2-ami-hvm-x86_64-gp2",
      "Type": "AWS::SSM::Parameter::Value<AWS::EC2::Image::Id>",
    },
  },
  "Resources": Object {
    "SpotInstance35702302": Object {
      "DependsOn": Array [
        "SpotInstanceInstanceRole8B9E9A1F",
      ],
      "Properties": Object {
        "AvailabilityZone": Object {
          "Fn::Select": Array [
            0,
            Object {
              "Fn::GetAZs": "",
            },
          ],
        },
        "InstanceType": "t3.large",
        "LaunchTemplate": Object {
          "LaunchTemplateId": Object {
            "Ref": "SpotInstancelaunchTemplateForInstanceLaunchTemplate72A37BAE",
          },
          "Version": Object {
            "Fn::GetAtt": Array [
              "SpotInstancelaunchTemplateForInstanceLaunchTemplate72A37BAE",
              "LatestVersionNumber",
            ],
          },
        },
        "SecurityGroupIds": Array [
          Object {
            "Fn::GetAtt": Array [
              "SpotInstanceSpotFleetSg64BACBCF",
              "GroupId",
            ],
          },
        ],
        "SubnetId": Object {
          "Ref": "VpcPublicSubnet1Subnet5C2D37C4",
        },
        "Tags": Array [
          Object {
            "Key": "Name",
            "Value": "SpotOneStack/SpotInstance/SpotInstance",
          },
        ],
      },
      "Type": "AWS::EC2::Instance",
    },
    "SpotInstanceInstanceProfile5F126FC8": Object {
      "Properties": Object {
        "Roles": Array [
          Object {
            "Ref": "SpotInstanceInstanceRole8B9E9A1F",
          },
        ],
      },
      "Type": "AWS::IAM::InstanceProfile",
    },
    "SpotInstanceInstanceRole8B9E9A1F": Object {
      "Properties": Object {
        "AssumeRolePolicyDocument": Object {
          "Statement": Array [
            Object {
              "Action": "sts:AssumeRole",
              "Effect": "Allow",
              "Principal": Object {
                "Service": Object {
                  "Fn::Join": Array [
                    "",
                    Array [
                      "ec2.",
                      Object {
                        "Ref": "AWS::URLSuffix",
                      },
                    ],
                  ],
                },
              },
            },
          ],
          "Version": "2012-10-17",
        },
        "ManagedPolicyArns": Array [
          "arn:aws:iam::aws:policy/AmazonSSMManagedInstanceCore",
        ],
        "Tags": Array [
          Object {
            "Key": "Name",
            "Value": "SpotOneStack/SpotInstance/SpotInstance",
          },
        ],
      },
      "Type": "AWS::IAM::Role",
    },
    "SpotInstanceSpotFleetSg64BACBCF": Object {
      "Properties": Object {
        "GroupDescription": "SpotOneStack/SpotInstance/SpotFleetSg",
        "SecurityGroupEgress": Array [
          Object {
            "CidrIp": "0.0.0.0/0",
            "Description": "Allow all outbound traffic by default",
            "IpProtocol": "-1",
          },
        ],
        "SecurityGroupIngress": Array [
          Object {
            "CidrIp": "0.0.0.0/0",
            "Description": "from 0.0.0.0/0:22",
            "FromPort": 22,
            "IpProtocol": "tcp",
            "ToPort": 22,
          },
        ],
        "VpcId": Object {
          "Ref": "Vpc8378EB38",
        },
      },
      "Type": "AWS::EC2::SecurityGroup",
    },
    "SpotInstanceUbuntuEIP5C3A0AAC": Object {
      "Type": "AWS::EC2::EIP",
    },
    "SpotInstanceUbuntuSpotFleetSg2A0A4FFC": Object {
      "Properties": Object {
        "GroupDescription": "SpotOneStack/SpotInstanceUbuntu/SpotFleetSg",
        "SecurityGroupEgress": Array [
          Object {
            "CidrIp": "0.0.0.0/0",
            "Description": "Allow all outbound traffic by default",
            "IpProtocol": "-1",
          },
        ],
        "SecurityGroupIngress": Array [
          Object {
            "CidrIp": "0.0.0.0/0",
            "Description": "from 0.0.0.0/0:22",
            "FromPort": 22,
            "IpProtocol": "tcp",
            "ToPort": 22,
          },
        ],
        "VpcId": Object {
          "Ref": "Vpc8378EB38",
        },
      },
      "Type": "AWS::EC2::SecurityGroup",
    },
    "SpotInstanceUbuntuSpotInstance678B09F5": Object {
      "DependsOn": Array [
        "SpotInstanceUbuntuSpotInstanceInstanceRoleBBD38753",
      ],
      "Properties": Object {
        "AvailabilityZone": Object {
          "Fn::Select": Array [
            0,
            Object {
              "Fn::GetAZs": "",
            },
          ],
        },
        "InstanceType": "t4g.medium",
        "LaunchTemplate": Object {
          "LaunchTemplateId": Object {
            "Ref": "SpotInstanceUbuntulaunchTemplateForInstanceLaunchTemplateB7D6D4E3",
          },
          "Version": Object {
            "Fn::GetAtt": Array [
              "SpotInstanceUbuntulaunchTemplateForInstanceLaunchTemplateB7D6D4E3",
              "LatestVersionNumber",
            ],
          },
        },
        "SecurityGroupIds": Array [
          Object {
            "Fn::GetAtt": Array [
              "SpotInstanceUbuntuSpotFleetSg2A0A4FFC",
              "GroupId",
            ],
          },
        ],
        "SubnetId": Object {
          "Ref": "VpcPublicSubnet1Subnet5C2D37C4",
        },
        "Tags": Array [
          Object {
            "Key": "Name",
            "Value": "SpotOneStack/SpotInstanceUbuntu/SpotInstance",
          },
        ],
      },
      "Type": "AWS::EC2::Instance",
    },
    "SpotInstanceUbuntuSpotInstanceInstanceProfileF049B459": Object {
      "Properties": Object {
        "Roles": Array [
          Object {
            "Ref": "SpotInstanceUbuntuSpotInstanceInstanceRoleBBD38753",
          },
        ],
      },
      "Type": "AWS::IAM::InstanceProfile",
    },
    "SpotInstanceUbuntuSpotInstanceInstanceRoleBBD38753": Object {
      "Properties": Object {
        "AssumeRolePolicyDocument": Object {
          "Statement": Array [
            Object {
              "Action": "sts:AssumeRole",
              "Effect": "Allow",
              "Principal": Object {
                "Service": Object {
                  "Fn::Join": Array [
                    "",
                    Array [
                      "ec2.",
                      Object {
                        "Ref": "AWS::URLSuffix",
                      },
                    ],
                  ],
                },
              },
            },
          ],
          "Version": "2012-10-17",
        },
        "ManagedPolicyArns": Array [
          "arn:aws:iam::aws:policy/AmazonSSMManagedInstanceCore",
        ],
        "Tags": Array [
          Object {
            "Key": "Name",
            "Value": "SpotOneStack/SpotInstanceUbuntu/SpotInstance",
          },
        ],
      },
      "Type": "AWS::IAM::Role",
    },
    "SpotInstanceUbuntulaunchTemplateForInstanceLaunchTemplateB7D6D4E3": Object {
      "Properties": Object {
        "LaunchTemplateData": Object {
          "BlockDeviceMappings": Array [
            Object {
              "DeviceName": "/dev/sda1",
              "Ebs": Object {
                "VolumeSize": 20,
              },
            },
          ],
          "IamInstanceProfile": Object {
            "Arn": Object {
              "Fn::GetAtt": Array [
                "SpotInstanceUbuntuSpotInstanceInstanceProfileF049B459",
                "Arn",
              ],
            },
          },
          "ImageId": "ami-076d8ebdd0e1ec091",
          "InstanceMarketOptions": Object {
            "MarketType": "spot",
            "SpotOptions": Object {
              "InstanceInterruptionBehavior": "stop",
              "SpotInstanceType": "persistent",
            },
          },
          "InstanceType": "t4g.medium",
          "TagSpecifications": Array [
            Object {
              "ResourceType": "instance",
              "Tags": Array [
                Object {
                  "Key": "Name",
                  "Value": "SpotOneStack/launchTemplateForInstance",
                },
              ],
            },
          ],
          "UserData": Object {
            "Fn::Base64": "#!/bin/bash
curl -fsSL https://get.docker.com -o get-docker.sh
sudo sh get-docker.sh",
          },
        },
      },
      "Type": "AWS::EC2::LaunchTemplate",
    },
    "SpotInstancelaunchTemplateForInstanceLaunchTemplate72A37BAE": Object {
      "Properties": Object {
        "LaunchTemplateData": Object {
          "BlockDeviceMappings": Array [
            Object {
              "DeviceName": "/dev/xvda",
              "Ebs": Object {
                "VolumeSize": 60,
              },
            },
          ],
          "IamInstanceProfile": Object {
            "Arn": Object {
              "Fn::GetAtt": Array [
                "SpotInstanceInstanceProfile5F126FC8",
                "Arn",
              ],
            },
          },
          "ImageId": Object {
            "Ref": "SsmParameterValueawsserviceamiamazonlinuxlatestamzn2amihvmx8664gp2C96584B6F00A464EAD1953AFF4B05118Parameter",
          },
          "InstanceMarketOptions": Object {
            "MarketType": "spot",
            "SpotOptions": Object {
              "InstanceInterruptionBehavior": "stop",
              "SpotInstanceType": "persistent",
            },
          },
          "InstanceType": "t3.large",
          "TagSpecifications": Array [
            Object {
              "ResourceType": "instance",
              "Tags": Array [
                Object {
                  "Key": "Name",
                  "Value": "SpotOneStack/launchTemplateForInstance",
                },
              ],
            },
          ],
          "UserData": Object {
            "Fn::Base64": "#!/bin/bash
yum install -y https://s3.amazonaws.com/ec2-downloads-windows/SSMAgent/latest/linux_amd64/amazon-ssm-agent.rpm
yum install -y docker
usermod -aG docker ec2-user
usermod -aG docker ssm-user
service docker start",
          },
        },
      },
      "Type": "AWS::EC2::LaunchTemplate",
    },
    "Vpc8378EB38": Object {
      "Properties": Object {
        "CidrBlock": "10.0.0.0/16",
        "EnableDnsHostnames": true,
        "EnableDnsSupport": true,
        "InstanceTenancy": "default",
        "Tags": Array [
          Object {
            "Key": "Name",
            "Value": "SpotOneStack/Vpc",
          },
        ],
      },
      "Type": "AWS::EC2::VPC",
    },
    "VpcIGWD7BA715C": Object {
      "Properties": Object {
        "Tags": Array [
          Object {
            "Key": "Name",
            "Value": "SpotOneStack/Vpc",
          },
        ],
      },
      "Type": "AWS::EC2::InternetGateway",
    },
    "VpcPrivateSubnet1DefaultRouteBE02A9ED": Object {
      "Properties": Object {
        "DestinationCidrBlock": "0.0.0.0/0",
        "NatGatewayId": Object {
          "Ref": "VpcPublicSubnet1NATGateway4D7517AA",
        },
        "RouteTableId": Object {
          "Ref": "VpcPrivateSubnet1RouteTableB2C5B500",
        },
      },
      "Type": "AWS::EC2::Route",
    },
    "VpcPrivateSubnet1RouteTableAssociation70C59FA6": Object {
      "Properties": Object {
        "RouteTableId": Object {
          "Ref": "VpcPrivateSubnet1RouteTableB2C5B500",
        },
        "SubnetId": Object {
          "Ref": "VpcPrivateSubnet1Subnet536B997A",
        },
      },
      "Type": "AWS::EC2::SubnetRouteTableAssociation",
    },
    "VpcPrivateSubnet1RouteTableB2C5B500": Object {
      "Properties": Object {
        "Tags": Array [
          Object {
            "Key": "Name",
            "Value": "SpotOneStack/Vpc/PrivateSubnet1",
          },
        ],
        "VpcId": Object {
          "Ref": "Vpc8378EB38",
        },
      },
      "Type": "AWS::EC2::RouteTable",
    },
    "VpcPrivateSubnet1Subnet536B997A": Object {
      "Properties": Object {
        "AvailabilityZone": Object {
          "Fn::Select": Array [
            0,
            Object {
              "Fn::GetAZs": "",
            },
          ],
        },
        "CidrBlock": "10.0.128.0/18",
        "MapPublicIpOnLaunch": false,
        "Tags": Array [
          Object {
            "Key": "aws-cdk:subnet-name",
            "Value": "Private",
          },
          Object {
            "Key": "aws-cdk:subnet-type",
            "Value": "Private",
          },
          Object {
            "Key": "Name",
            "Value": "SpotOneStack/Vpc/PrivateSubnet1",
          },
        ],
        "VpcId": Object {
          "Ref": "Vpc8378EB38",
        },
      },
      "Type": "AWS::EC2::Subnet",
    },
    "VpcPrivateSubnet2DefaultRoute060D2087": Object {
      "Properties": Object {
        "DestinationCidrBlock": "0.0.0.0/0",
        "NatGatewayId": Object {
          "Ref": "VpcPublicSubnet1NATGateway4D7517AA",
        },
        "RouteTableId": Object {
          "Ref": "VpcPrivateSubnet2RouteTableA678073B",
        },
      },
      "Type": "AWS::EC2::Route",
    },
    "VpcPrivateSubnet2RouteTableA678073B": Object {
      "Properties": Object {
        "Tags": Array [
          Object {
            "Key": "Name",
            "Value": "SpotOneStack/Vpc/PrivateSubnet2",
          },
        ],
        "VpcId": Object {
          "Ref": "Vpc8378EB38",
        },
      },
      "Type": "AWS::EC2::RouteTable",
    },
    "VpcPrivateSubnet2RouteTableAssociationA89CAD56": Object {
      "Properties": Object {
        "RouteTableId": Object {
          "Ref": "VpcPrivateSubnet2RouteTableA678073B",
        },
        "SubnetId": Object {
          "Ref": "VpcPrivateSubnet2Subnet3788AAA1",
        },
      },
      "Type": "AWS::EC2::SubnetRouteTableAssociation",
    },
    "VpcPrivateSubnet2Subnet3788AAA1": Object {
      "Properties": Object {
        "AvailabilityZone": Object {
          "Fn::Select": Array [
            1,
            Object {
              "Fn::GetAZs": "",
            },
          ],
        },
        "CidrBlock": "10.0.192.0/18",
        "MapPublicIpOnLaunch": false,
        "Tags": Array [
          Object {
            "Key": "aws-cdk:subnet-name",
            "Value": "Private",
          },
          Object {
            "Key": "aws-cdk:subnet-type",
            "Value": "Private",
          },
          Object {
            "Key": "Name",
            "Value": "SpotOneStack/Vpc/PrivateSubnet2",
          },
        ],
        "VpcId": Object {
          "Ref": "Vpc8378EB38",
        },
      },
      "Type": "AWS::EC2::Subnet",
    },
    "VpcPublicSubnet1DefaultRoute3DA9E72A": Object {
      "DependsOn": Array [
        "VpcVPCGWBF912B6E",
      ],
      "Properties": Object {
        "DestinationCidrBlock": "0.0.0.0/0",
        "GatewayId": Object {
          "Ref": "VpcIGWD7BA715C",
        },
        "RouteTableId": Object {
          "Ref": "VpcPublicSubnet1RouteTable6C95E38E",
        },
      },
      "Type": "AWS::EC2::Route",
    },
    "VpcPublicSubnet1EIPD7E02669": Object {
      "Properties": Object {
        "Domain": "vpc",
        "Tags": Array [
          Object {
            "Key": "Name",
            "Value": "SpotOneStack/Vpc/PublicSubnet1",
          },
        ],
      },
      "Type": "AWS::EC2::EIP",
    },
    "VpcPublicSubnet1NATGateway4D7517AA": Object {
      "Properties": Object {
        "AllocationId": Object {
          "Fn::GetAtt": Array [
            "VpcPublicSubnet1EIPD7E02669",
            "AllocationId",
          ],
        },
        "SubnetId": Object {
          "Ref": "VpcPublicSubnet1Subnet5C2D37C4",
        },
        "Tags": Array [
          Object {
            "Key": "Name",
            "Value": "SpotOneStack/Vpc/PublicSubnet1",
          },
        ],
      },
      "Type": "AWS::EC2::NatGateway",
    },
    "VpcPublicSubnet1RouteTable6C95E38E": Object {
      "Properties": Object {
        "Tags": Array [
          Object {
            "Key": "Name",
            "Value": "SpotOneStack/Vpc/PublicSubnet1",
          },
        ],
        "VpcId": Object {
          "Ref": "Vpc8378EB38",
        },
      },
      "Type": "AWS::EC2::RouteTable",
    },
    "VpcPublicSubnet1RouteTableAssociation97140677": Object {
      "Properties": Object {
        "RouteTableId": Object {
          "Ref": "VpcPublicSubnet1RouteTable6C95E38E",
        },
        "SubnetId": Object {
          "Ref": "VpcPublicSubnet1Subnet5C2D37C4",
        },
      },
      "Type": "AWS::EC2::SubnetRouteTableAssociation",
    },
    "VpcPublicSubnet1Subnet5C2D37C4": Object {
      "Properties": Object {
        "AvailabilityZone": Object {
          "Fn::Select": Array [
            0,
            Object {
              "Fn::GetAZs": "",
            },
          ],
        },
        "CidrBlock": "10.0.0.0/18",
        "MapPublicIpOnLaunch": true,
        "Tags": Array [
          Object {
            "Key": "aws-cdk:subnet-name",
            "Value": "Public",
          },
          Object {
            "Key": "aws-cdk:subnet-type",
            "Value": "Public",
          },
          Object {
            "Key": "Name",
            "Value": "SpotOneStack/Vpc/PublicSubnet1",
          },
        ],
        "VpcId": Object {
          "Ref": "Vpc8378EB38",
        },
      },
      "Type": "AWS::EC2::Subnet",
    },
    "VpcPublicSubnet2DefaultRoute97F91067": Object {
      "DependsOn": Array [
        "VpcVPCGWBF912B6E",
      ],
      "Properties": Object {
        "DestinationCidrBlock": "0.0.0.0/0",
        "GatewayId": Object {
          "Ref": "VpcIGWD7BA715C",
        },
        "RouteTableId": Object {
          "Ref": "VpcPublicSubnet2RouteTable94F7E489",
        },
      },
      "Type": "AWS::EC2::Route",
    },
    "VpcPublicSubnet2RouteTable94F7E489": Object {
      "Properties": Object {
        "Tags": Array [
          Object {
            "Key": "Name",
            "Value": "SpotOneStack/Vpc/PublicSubnet2",
          },
        ],
        "VpcId": Object {
          "Ref": "Vpc8378EB38",
        },
      },
      "Type": "AWS::EC2::RouteTable",
    },
    "VpcPublicSubnet2RouteTableAssociationDD5762D8": Object {
      "Properties": Object {
        "RouteTableId": Object {
          "Ref": "VpcPublicSubnet2RouteTable94F7E489",
        },
        "SubnetId": Object {
          "Ref": "VpcPublicSubnet2Subnet691E08A3",
        },
      },
      "Type": "AWS::EC2::SubnetRouteTableAssociation",
    },
    "VpcPublicSubnet2Subnet691E08A3": Object {
      "Properties": Object {
        "AvailabilityZone": Object {
          "Fn::Select": Array [
            1,
            Object {
              "Fn::GetAZs": "",
            },
          ],
        },
        "CidrBlock": "10.0.64.0/18",
        "MapPublicIpOnLaunch": true,
        "Tags": Array [
          Object {
            "Key": "aws-cdk:subnet-name",
            "Value": "Public",
          },
          Object {
            "Key": "aws-cdk:subnet-type",
            "Value": "Public",
          },
          Object {
            "Key": "Name",
            "Value": "SpotOneStack/Vpc/PublicSubnet2",
          },
        ],
        "VpcId": Object {
          "Ref": "Vpc8378EB38",
        },
      },
      "Type": "AWS::EC2::Subnet",
    },
    "VpcVPCGWBF912B6E": Object {
      "Properties": Object {
        "InternetGatewayId": Object {
          "Ref": "VpcIGWD7BA715C",
        },
        "VpcId": Object {
          "Ref": "Vpc8378EB38",
        },
      },
      "Type": "AWS::EC2::VPCGatewayAttachment",
    },
  },
}
`;
